// Jest Snapshot v1, https://goo.gl/fbAQLP

exports[`it renders according to snapshot 1`] = `
<div>
  <div>
    <b>
      HALLO HMMH!
    </b>
    <p>
      1:42:23 PM
    </p>
  </div>
</div>
`;
